// Jest Snapshot v1, https://goo.gl/fbAQLP

exports[`travis-after-success adds dry-run flag when not running on master 1`] = `concurrently --prefix [{name}] --names codecov,release --prefix-colors bgBlue.bold.reset,bgGreen.bold.reset "echo installing codecov && npx -p codecov -c 'echo running codecov && codecov'" "echo installing semantic-release && npx -p semantic-release@15 -c 'echo running semantic-release dry run && semantic-release --no-ci --dry-run'"`;

exports[`travis-after-success calls concurrently with both scripts 1`] = `concurrently --prefix [{name}] --names codecov,release --prefix-colors bgBlue.bold.reset,bgGreen.bold.reset "echo installing codecov && npx -p codecov -c 'echo running codecov && codecov'" "echo installing semantic-release && npx -p semantic-release@15 -c 'echo running semantic-release  && semantic-release --no-ci'"`;

exports[`travis-after-success does not do the autorelease script when the version is different 1`] = `concurrently --prefix [{name}] --names codecov --prefix-colors bgBlue.bold.reset "echo installing codecov && npx -p codecov -c 'echo running codecov && codecov'"`;

exports[`travis-after-success does not do the codecov script when there is no coverage directory 1`] = `concurrently --prefix [{name}] --names release --prefix-colors bgBlue.bold.reset "echo installing semantic-release && npx -p semantic-release@15 -c 'echo running semantic-release  && semantic-release --no-ci'"`;
